Archive member included to satisfy reference by file (symbol)

e:/program files (x86)/atmel/studio/7.0/toolchain/avr8/avr8-gnu-toolchain/bin/../lib/gcc/avr/4.9.2/avr4\libgcc.a(_divmodhi4.o)
                              Buzzer.o (__divmodhi4)
e:/program files (x86)/atmel/studio/7.0/toolchain/avr8/avr8-gnu-toolchain/bin/../lib/gcc/avr/4.9.2/avr4\libgcc.a(_udivmodsi4.o)
                              curve.o (__udivmodsi4)
e:/program files (x86)/atmel/studio/7.0/toolchain/avr8/avr8-gnu-toolchain/bin/../lib/gcc/avr/4.9.2/avr4\libgcc.a(_divmodsi4.o)
                              curve.o (__divmodsi4)
e:/program files (x86)/atmel/studio/7.0/toolchain/avr8/avr8-gnu-toolchain/bin/../lib/gcc/avr/4.9.2/avr4\libgcc.a(_negsi2.o)
                              e:/program files (x86)/atmel/studio/7.0/toolchain/avr8/avr8-gnu-toolchain/bin/../lib/gcc/avr/4.9.2/avr4\libgcc.a(_divmodsi4.o) (__negsi2)
e:/program files (x86)/atmel/studio/7.0/toolchain/avr8/avr8-gnu-toolchain/bin/../lib/gcc/avr/4.9.2/avr4\libgcc.a(_exit.o)
                              E:/Program Files (x86)/Atmel/Studio/7.0/Packs/atmel/ATmega_DFP/1.0.98/gcc/dev/atmega88p/avr4/crtatmega88p.o (exit)
e:/program files (x86)/atmel/studio/7.0/toolchain/avr8/avr8-gnu-toolchain/bin/../lib/gcc/avr/4.9.2/avr4\libgcc.a(_copy_data.o)
                              Analog.o (__do_copy_data)
e:/program files (x86)/atmel/studio/7.0/toolchain/avr8/avr8-gnu-toolchain/bin/../lib/gcc/avr/4.9.2/avr4\libgcc.a(_clear_bss.o)
                              Analog.o (__do_clear_bss)
e:/program files (x86)/atmel/studio/7.0/toolchain/avr8/avr8-gnu-toolchain/bin/../lib/gcc/avr/4.9.2/avr4\libgcc.a(_mulhisi3.o)
                              curve.o (__mulhisi3)
e:/program files (x86)/atmel/studio/7.0/toolchain/avr8/avr8-gnu-toolchain/bin/../lib/gcc/avr/4.9.2/avr4\libgcc.a(_umulhisi3.o)
                              curve.o (__umulhisi3)
e:/program files (x86)/atmel/studio/7.0/toolchain/avr8/avr8-gnu-toolchain/bin/../lib/gcc/avr/4.9.2/avr4\libgcc.a(_usmulhisi3.o)
                              curve.o (__usmulhisi3)
e:/program files (x86)/atmel/studio/7.0/toolchain/avr8/avr8-gnu-toolchain/bin/../lib/gcc/avr/4.9.2/avr4\libgcc.a(_muluhisi3.o)
                              curve.o (__muluhisi3)
e:/program files (x86)/atmel/studio/7.0/toolchain/avr8/avr8-gnu-toolchain/bin/../lib/gcc/avr/4.9.2/avr4\libgcc.a(_udivmodhi4.o)
                              e:/program files (x86)/atmel/studio/7.0/toolchain/avr8/avr8-gnu-toolchain/bin/../lib/gcc/avr/4.9.2/avr4\libgcc.a(_divmodhi4.o) (__udivmodhi4)
E:/Program Files (x86)/Atmel/Studio/7.0/Packs/atmel/ATmega_DFP/1.0.98/gcc/dev/atmega88p/avr4\libatmega88p.a(eerd_block.o)
                              Config.o (eeprom_read_block)
E:/Program Files (x86)/Atmel/Studio/7.0/Packs/atmel/ATmega_DFP/1.0.98/gcc/dev/atmega88p/avr4\libatmega88p.a(eeupd_block.o)
                              Config.o (eeprom_update_block)
E:/Program Files (x86)/Atmel/Studio/7.0/Packs/atmel/ATmega_DFP/1.0.98/gcc/dev/atmega88p/avr4\libatmega88p.a(eeupd_byte.o)
                              E:/Program Files (x86)/Atmel/Studio/7.0/Packs/atmel/ATmega_DFP/1.0.98/gcc/dev/atmega88p/avr4\libatmega88p.a(eeupd_block.o) (eeprom_update_r18)

Allocating common symbols
Common symbol       size              file

tx_config           0x1f              Config.o
buz_note_time       0x2               Buzzer.o
buz_note_ptr        0x1               Buzzer.o
Led_data            0x20              LED.o
key_Status          0x2               KEYS.o
model_config        0x4c              Config.o
adc_avg             0xa               Analog.o
adc_ch_idx          0x1               Analog.o
tic_error           0x2               TIMER.o
adc_new_data        0x1               Analog.o
buz_notes           0x40              Buzzer.o
thr_cut             0x1               MODEL.o
adc_samp_idx        0x1               Analog.o
led_time            0x2               LED.o
bind_status         0x1               MODEL.o
adc_data            0x48              Analog.o
key_StatusLast      0x2               KEYS.o
sys_tick            0x4               TIMER.o
key_ScanCnt         0x1               KEYS.o
led_idx             0x1               LED.o
key_data            0x8               KEYS.o
r_stick_pos         0x1               USER_IF.o
flight_mode         0x1               MODEL.o
out_data            0xc               MODEL.o
buz_note_idx        0x1               Buzzer.o
l_stick_pos         0x1               USER_IF.o
led_ptr             0x1               LED.o
led_reload          0x1               LED.o

Discarded input sections

 .data          0x00000000        0x0 E:/Program Files (x86)/Atmel/Studio/7.0/Packs/atmel/ATmega_DFP/1.0.98/gcc/dev/atmega88p/avr4/crtatmega88p.o
 .bss           0x00000000        0x0 E:/Program Files (x86)/Atmel/Studio/7.0/Packs/atmel/ATmega_DFP/1.0.98/gcc/dev/atmega88p/avr4/crtatmega88p.o
 .text          0x00000000        0x0 Analog.o
 .data          0x00000000        0x0 Analog.o
 .bss           0x00000000        0x0 Analog.o
 .text          0x00000000        0x0 Buzzer.o
 .data          0x00000000        0x0 Buzzer.o
 .bss           0x00000000        0x0 Buzzer.o
 .text          0x00000000        0x0 Config.o
 .data          0x00000000        0x0 Config.o
 .bss           0x00000000        0x0 Config.o
 .text.configGet_Tx_option
                0x00000000       0x22 Config.o
 .text          0x00000000        0x0 curve.o
 .data          0x00000000        0x0 curve.o
 .bss           0x00000000        0x0 curve.o
 .text          0x00000000        0x0 KEYS.o
 .data          0x00000000        0x0 KEYS.o
 .bss           0x00000000        0x0 KEYS.o
 .text.Get_Key  0x00000000       0x1c KEYS.o
 .text.Get_Key_Rising_Edge
                0x00000000       0x60 KEYS.o
 .text          0x00000000        0x0 LED.o
 .data          0x00000000        0x0 LED.o
 .bss           0x00000000        0x0 LED.o
 .text.SetLedStateSingelSequence
                0x00000000       0x32 LED.o
 .text.LedSequenceCount
                0x00000000       0x18 LED.o
 .text.SetLedVal
                0x00000000        0x4 LED.o
 .text          0x00000000        0x0 main.o
 .data          0x00000000        0x0 main.o
 .bss           0x00000000        0x0 main.o
 .text          0x00000000        0x0 MODEL.o
 .data          0x00000000        0x0 MODEL.o
 .bss           0x00000000        0x0 MODEL.o
 .text          0x00000000        0x0 SPECTRUM_TX.o
 .data          0x00000000        0x0 SPECTRUM_TX.o
 .bss           0x00000000        0x0 SPECTRUM_TX.o
 .text          0x00000000        0x0 STICKS.o
 .data          0x00000000        0x0 STICKS.o
 .bss           0x00000000        0x0 STICKS.o
 .text.GetAadChannelIndex
                0x00000000       0x1a STICKS.o
 .text          0x00000000        0x0 TIMER.o
 .data          0x00000000        0x0 TIMER.o
 .bss           0x00000000        0x0 TIMER.o
 .text          0x00000000        0x0 USER_IF.o
 .data          0x00000000        0x0 USER_IF.o
 .bss           0x00000000        0x0 USER_IF.o
 .text          0x00000000        0x0 e:/program files (x86)/atmel/studio/7.0/toolchain/avr8/avr8-gnu-toolchain/bin/../lib/gcc/avr/4.9.2/avr4\libgcc.a(_divmodhi4.o)
 .data          0x00000000        0x0 e:/program files (x86)/atmel/studio/7.0/toolchain/avr8/avr8-gnu-toolchain/bin/../lib/gcc/avr/4.9.2/avr4\libgcc.a(_divmodhi4.o)
 .bss           0x00000000        0x0 e:/program files (x86)/atmel/studio/7.0/toolchain/avr8/avr8-gnu-toolchain/bin/../lib/gcc/avr/4.9.2/avr4\libgcc.a(_divmodhi4.o)
 .text.libgcc.mul
                0x00000000        0x0 e:/program files (x86)/atmel/studio/7.0/toolchain/avr8/avr8-gnu-toolchain/bin/../lib/gcc/avr/4.9.2/avr4\libgcc.a(_divmodhi4.o)
 .text.libgcc   0x00000000        0x0 e:/program files (x86)/atmel/studio/7.0/toolchain/avr8/avr8-gnu-toolchain/bin/../lib/gcc/avr/4.9.2/avr4\libgcc.a(_divmodhi4.o)
 .text.libgcc.prologue
                0x00000000        0x0 e:/program files (x86)/atmel/studio/7.0/toolchain/avr8/avr8-gnu-toolchain/bin/../lib/gcc/avr/4.9.2/avr4\libgcc.a(_divmodhi4.o)
 .text.libgcc.builtins
                0x00000000        0x0 e:/program files (x86)/atmel/studio/7.0/toolchain/avr8/avr8-gnu-toolchain/bin/../lib/gcc/avr/4.9.2/avr4\libgcc.a(_divmodhi4.o)
 .text.libgcc.fmul
                0x00000000        0x0 e:/program files (x86)/atmel/studio/7.0/toolchain/avr8/avr8-gnu-toolchain/bin/../lib/gcc/avr/4.9.2/avr4\libgcc.a(_divmodhi4.o)
 .text.libgcc.fixed
                0x00000000        0x0 e:/program files (x86)/atmel/studio/7.0/toolchain/avr8/avr8-gnu-toolchain/bin/../lib/gcc/avr/4.9.2/avr4\libgcc.a(_divmodhi4.o)
 .text          0x00000000        0x0 e:/program files (x86)/atmel/studio/7.0/toolchain/avr8/avr8-gnu-toolchain/bin/../lib/gcc/avr/4.9.2/avr4\libgcc.a(_udivmodsi4.o)
 .data          0x00000000        0x0 e:/program files (x86)/atmel/studio/7.0/toolchain/avr8/avr8-gnu-toolchain/bin/../lib/gcc/avr/4.9.2/avr4\libgcc.a(_udivmodsi4.o)
 .bss           0x00000000        0x0 e:/program files (x86)/atmel/studio/7.0/toolchain/avr8/avr8-gnu-toolchain/bin/../lib/gcc/avr/4.9.2/avr4\libgcc.a(_udivmodsi4.o)
 .text.libgcc.mul
                0x00000000        0x0 e:/program files (x86)/atmel/studio/7.0/toolchain/avr8/avr8-gnu-toolchain/bin/../lib/gcc/avr/4.9.2/avr4\libgcc.a(_udivmodsi4.o)
 .text.libgcc   0x00000000        0x0 e:/program files (x86)/atmel/studio/7.0/toolchain/avr8/avr8-gnu-toolchain/bin/../lib/gcc/avr/4.9.2/avr4\libgcc.a(_udivmodsi4.o)
 .text.libgcc.prologue
                0x00000000        0x0 e:/program files (x86)/atmel/studio/7.0/toolchain/avr8/avr8-gnu-toolchain/bin/../lib/gcc/avr/4.9.2/avr4\libgcc.a(_udivmodsi4.o)
 .text.libgcc.builtins
                0x00000000        0x0 e:/program files (x86)/atmel/studio/7.0/toolchain/avr8/avr8-gnu-toolchain/bin/../lib/gcc/avr/4.9.2/avr4\libgcc.a(_udivmodsi4.o)
 .text.libgcc.fmul
                0x00000000        0x0 e:/program files (x86)/atmel/studio/7.0/toolchain/avr8/avr8-gnu-toolchain/bin/../lib/gcc/avr/4.9.2/avr4\libgcc.a(_udivmodsi4.o)
 .text.libgcc.fixed
                0x00000000        0x0 e:/program files (x86)/atmel/studio/7.0/toolchain/avr8/avr8-gnu-toolchain/bin/../lib/gcc/avr/4.9.2/avr4\libgcc.a(_udivmodsi4.o)
 .text          0x00000000        0x0 e:/program files (x86)/atmel/studio/7.0/toolchain/avr8/avr8-gnu-toolchain/bin/../lib/gcc/avr/4.9.2/avr4\libgcc.a(_divmodsi4.o)
 .data          0x00000000        0x0 e:/program files (x86)/atmel/studio/7.0/toolchain/avr8/avr8-gnu-toolchain/bin/../lib/gcc/avr/4.9.2/avr4\libgcc.a(_divmodsi4.o)
 .bss           0x00000000        0x0 e:/program files (x86)/atmel/studio/7.0/toolchain/avr8/avr8-gnu-toolchain/bin/../lib/gcc/avr/4.9.2/avr4\libgcc.a(_divmodsi4.o)
 .text.libgcc.mul
                0x00000000        0x0 e:/program files (x86)/atmel/studio/7.0/toolchain/avr8/avr8-gnu-toolchain/bin/../lib/gcc/avr/4.9.2/avr4\libgcc.a(_divmodsi4.o)
 .text.libgcc   0x00000000        0x0 e:/program files (x86)/atmel/studio/7.0/toolchain/avr8/avr8-gnu-toolchain/bin/../lib/gcc/avr/4.9.2/avr4\libgcc.a(_divmodsi4.o)
 .text.libgcc.prologue
                0x00000000        0x0 e:/program files (x86)/atmel/studio/7.0/toolchain/avr8/avr8-gnu-toolchain/bin/../lib/gcc/avr/4.9.2/avr4\libgcc.a(_divmodsi4.o)
 .text.libgcc.builtins
                0x00000000        0x0 e:/program files (x86)/atmel/studio/7.0/toolchain/avr8/avr8-gnu-toolchain/bin/../lib/gcc/avr/4.9.2/avr4\libgcc.a(_divmodsi4.o)
 .text.libgcc.fmul
                0x00000000        0x0 e:/program files (x86)/atmel/studio/7.0/toolchain/avr8/avr8-gnu-toolchain/bin/../lib/gcc/avr/4.9.2/avr4\libgcc.a(_divmodsi4.o)
 .text.libgcc.fixed
                0x00000000        0x0 e:/program files (x86)/atmel/studio/7.0/toolchain/avr8/avr8-gnu-toolchain/bin/../lib/gcc/avr/4.9.2/avr4\libgcc.a(_divmodsi4.o)
 .text          0x00000000        0x0 e:/program files (x86)/atmel/studio/7.0/toolchain/avr8/avr8-gnu-toolchain/bin/../lib/gcc/avr/4.9.2/avr4\libgcc.a(_negsi2.o)
 .data          0x00000000        0x0 e:/program files (x86)/atmel/studio/7.0/toolchain/avr8/avr8-gnu-toolchain/bin/../lib/gcc/avr/4.9.2/avr4\libgcc.a(_negsi2.o)
 .bss           0x00000000        0x0 e:/program files (x86)/atmel/studio/7.0/toolchain/avr8/avr8-gnu-toolchain/bin/../lib/gcc/avr/4.9.2/avr4\libgcc.a(_negsi2.o)
 .text.libgcc.mul
                0x00000000        0x0 e:/program files (x86)/atmel/studio/7.0/toolchain/avr8/avr8-gnu-toolchain/bin/../lib/gcc/avr/4.9.2/avr4\libgcc.a(_negsi2.o)
 .text.libgcc   0x00000000        0x0 e:/program files (x86)/atmel/studio/7.0/toolchain/avr8/avr8-gnu-toolchain/bin/../lib/gcc/avr/4.9.2/avr4\libgcc.a(_negsi2.o)
 .text.libgcc.prologue
                0x00000000        0x0 e:/program files (x86)/atmel/studio/7.0/toolchain/avr8/avr8-gnu-toolchain/bin/../lib/gcc/avr/4.9.2/avr4\libgcc.a(_negsi2.o)
 .text.libgcc.builtins
                0x00000000        0x0 e:/program files (x86)/atmel/studio/7.0/toolchain/avr8/avr8-gnu-toolchain/bin/../lib/gcc/avr/4.9.2/avr4\libgcc.a(_negsi2.o)
 .text.libgcc.fmul
                0x00000000        0x0 e:/program files (x86)/atmel/studio/7.0/toolchain/avr8/avr8-gnu-toolchain/bin/../lib/gcc/avr/4.9.2/avr4\libgcc.a(_negsi2.o)
 .text.libgcc.fixed
                0x00000000        0x0 e:/program files (x86)/atmel/studio/7.0/toolchain/avr8/avr8-gnu-toolchain/bin/../lib/gcc/avr/4.9.2/avr4\libgcc.a(_negsi2.o)
 .text          0x00000000        0x0 e:/program files (x86)/atmel/studio/7.0/toolchain/avr8/avr8-gnu-toolchain/bin/../lib/gcc/avr/4.9.2/avr4\libgcc.a(_exit.o)
 .data          0x00000000        0x0 e:/program files (x86)/atmel/studio/7.0/toolchain/avr8/avr8-gnu-toolchain/bin/../lib/gcc/avr/4.9.2/avr4\libgcc.a(_exit.o)
 .bss           0x00000000        0x0 e:/program files (x86)/atmel/studio/7.0/toolchain/avr8/avr8-gnu-toolchain/bin/../lib/gcc/avr/4.9.2/avr4\libgcc.a(_exit.o)
 .text.libgcc.mul
                0x00000000        0x0 e:/program files (x86)/atmel/studio/7.0/toolchain/avr8/avr8-gnu-toolchain/bin/../lib/gcc/avr/4.9.2/avr4\libgcc.a(_exit.o)
 .text.libgcc.div
                0x00000000        0x0 e:/program files (x86)/atmel/studio/7.0/toolchain/avr8/avr8-gnu-toolchain/bin/../lib/gcc/avr/4.9.2/avr4\libgcc.a(_exit.o)
 .text.libgcc   0x00000000        0x0 e:/program files (x86)/atmel/studio/7.0/toolchain/avr8/avr8-gnu-toolchain/bin/../lib/gcc/avr/4.9.2/avr4\libgcc.a(_exit.o)
 .text.libgcc.prologue
                0x00000000        0x0 e:/program files (x86)/atmel/studio/7.0/toolchain/avr8/avr8-gnu-toolchain/bin/../lib/gcc/avr/4.9.2/avr4\libgcc.a(_exit.o)
 .text.libgcc.builtins
                0x00000000        0x0 e:/program files (x86)/atmel/studio/7.0/toolchain/avr8/avr8-gnu-toolchain/bin/../lib/gcc/avr/4.9.2/avr4\libgcc.a(_exit.o)
 .text.libgcc.fmul
                0x00000000        0x0 e:/program files (x86)/atmel/studio/7.0/toolchain/avr8/avr8-gnu-toolchain/bin/../lib/gcc/avr/4.9.2/avr4\libgcc.a(_exit.o)
 .text.libgcc.fixed
                0x00000000        0x0 e:/program files (x86)/atmel/studio/7.0/toolchain/avr8/avr8-gnu-toolchain/bin/../lib/gcc/avr/4.9.2/avr4\libgcc.a(_exit.o)
 .text          0x00000000        0x0 e:/program files (x86)/atmel/studio/7.0/toolchain/avr8/avr8-gnu-toolchain/bin/../lib/gcc/avr/4.9.2/avr4\libgcc.a(_copy_data.o)
 .data          0x00000000        0x0 e:/program files (x86)/atmel/studio/7.0/toolchain/avr8/avr8-gnu-toolchain/bin/../lib/gcc/avr/4.9.2/avr4\libgcc.a(_copy_data.o)
 .bss           0x00000000        0x0 e:/program files (x86)/atmel/studio/7.0/toolchain/avr8/avr8-gnu-toolchain/bin/../lib/gcc/avr/4.9.2/avr4\libgcc.a(_copy_data.o)
 .text.libgcc.mul
                0x00000000        0x0 e:/program files (x86)/atmel/studio/7.0/toolchain/avr8/avr8-gnu-toolchain/bin/../lib/gcc/avr/4.9.2/avr4\libgcc.a(_copy_data.o)
 .text.libgcc.div
                0x00000000        0x0 e:/program files (x86)/atmel/studio/7.0/toolchain/avr8/avr8-gnu-toolchain/bin/../lib/gcc/avr/4.9.2/avr4\libgcc.a(_copy_data.o)
 .text.libgcc   0x00000000        0x0 e:/program files (x86)/atmel/studio/7.0/toolchain/avr8/avr8-gnu-toolchain/bin/../lib/gcc/avr/4.9.2/avr4\libgcc.a(_copy_data.o)
 .text.libgcc.prologue
                0x00000000        0x0 e:/program files (x86)/atmel/studio/7.0/toolchain/avr8/avr8-gnu-toolchain/bin/../lib/gcc/avr/4.9.2/avr4\libgcc.a(_copy_data.o)
 .text.libgcc.builtins
                0x00000000        0x0 e:/program files (x86)/atmel/studio/7.0/toolchain/avr8/avr8-gnu-toolchain/bin/../lib/gcc/avr/4.9.2/avr4\libgcc.a(_copy_data.o)
 .text.libgcc.fmul
                0x00000000        0x0 e:/program files (x86)/atmel/studio/7.0/toolchain/avr8/avr8-gnu-toolchain/bin/../lib/gcc/avr/4.9.2/avr4\libgcc.a(_copy_data.o)
 .text.libgcc.fixed
                0x00000000        0x0 e:/program files (x86)/atmel/studio/7.0/toolchain/avr8/avr8-gnu-toolchain/bin/../lib/gcc/avr/4.9.2/avr4\libgcc.a(_copy_data.o)
 .text          0x00000000        0x0 e:/program files (x86)/atmel/studio/7.0/toolchain/avr8/avr8-gnu-toolchain/bin/../lib/gcc/avr/4.9.2/avr4\libgcc.a(_clear_bss.o)
 .data          0x00000000        0x0 e:/program files (x86)/atmel/studio/7.0/toolchain/avr8/avr8-gnu-toolchain/bin/../lib/gcc/avr/4.9.2/avr4\libgcc.a(_clear_bss.o)
 .bss           0x00000000        0x0 e:/program files (x86)/atmel/studio/7.0/toolchain/avr8/avr8-gnu-toolchain/bin/../lib/gcc/avr/4.9.2/avr4\libgcc.a(_clear_bss.o)
 .text.libgcc.mul
                0x00000000        0x0 e:/program files (x86)/atmel/studio/7.0/toolchain/avr8/avr8-gnu-toolchain/bin/../lib/gcc/avr/4.9.2/avr4\libgcc.a(_clear_bss.o)
 .text.libgcc.div
                0x00000000        0x0 e:/program files (x86)/atmel/studio/7.0/toolchain/avr8/avr8-gnu-toolchain/bin/../lib/gcc/avr/4.9.2/avr4\libgcc.a(_clear_bss.o)
 .text.libgcc   0x00000000        0x0 e:/program files (x86)/atmel/studio/7.0/toolchain/avr8/avr8-gnu-toolchain/bin/../lib/gcc/avr/4.9.2/avr4\libgcc.a(_clear_bss.o)
 .text.libgcc.prologue
                0x00000000        0x0 e:/program files (x86)/atmel/studio/7.0/toolchain/avr8/avr8-gnu-toolchain/bin/../lib/gcc/avr/4.9.2/avr4\libgcc.a(_clear_bss.o)
 .text.libgcc.builtins
                0x00000000        0x0 e:/program files (x86)/atmel/studio/7.0/toolchain/avr8/avr8-gnu-toolchain/bin/../lib/gcc/avr/4.9.2/avr4\libgcc.a(_clear_bss.o)
 .text.libgcc.fmul
                0x00000000        0x0 e:/program files (x86)/atmel/studio/7.0/toolchain/avr8/avr8-gnu-toolchain/bin/../lib/gcc/avr/4.9.2/avr4\libgcc.a(_clear_bss.o)
 .text.libgcc.fixed
                0x00000000        0x0 e:/program files (x86)/atmel/studio/7.0/toolchain/avr8/avr8-gnu-toolchain/bin/../lib/gcc/avr/4.9.2/avr4\libgcc.a(_clear_bss.o)
 .text          0x00000000        0x0 e:/program files (x86)/atmel/studio/7.0/toolchain/avr8/avr8-gnu-toolchain/bin/../lib/gcc/avr/4.9.2/avr4\libgcc.a(_mulhisi3.o)
 .data          0x00000000        0x0 e:/program files (x86)/atmel/studio/7.0/toolchain/avr8/avr8-gnu-toolchain/bin/../lib/gcc/avr/4.9.2/avr4\libgcc.a(_mulhisi3.o)
 .bss           0x00000000        0x0 e:/program files (x86)/atmel/studio/7.0/toolchain/avr8/avr8-gnu-toolchain/bin/../lib/gcc/avr/4.9.2/avr4\libgcc.a(_mulhisi3.o)
 .text.libgcc.div
                0x00000000        0x0 e:/program files (x86)/atmel/studio/7.0/toolchain/avr8/avr8-gnu-toolchain/bin/../lib/gcc/avr/4.9.2/avr4\libgcc.a(_mulhisi3.o)
 .text.libgcc   0x00000000        0x0 e:/program files (x86)/atmel/studio/7.0/toolchain/avr8/avr8-gnu-toolchain/bin/../lib/gcc/avr/4.9.2/avr4\libgcc.a(_mulhisi3.o)
 .text.libgcc.prologue
                0x00000000        0x0 e:/program files (x86)/atmel/studio/7.0/toolchain/avr8/avr8-gnu-toolchain/bin/../lib/gcc/avr/4.9.2/avr4\libgcc.a(_mulhisi3.o)
 .text.libgcc.builtins
                0x00000000        0x0 e:/program files (x86)/atmel/studio/7.0/toolchain/avr8/avr8-gnu-toolchain/bin/../lib/gcc/avr/4.9.2/avr4\libgcc.a(_mulhisi3.o)
 .text.libgcc.fmul
                0x00000000        0x0 e:/program files (x86)/atmel/studio/7.0/toolchain/avr8/avr8-gnu-toolchain/bin/../lib/gcc/avr/4.9.2/avr4\libgcc.a(_mulhisi3.o)
 .text.libgcc.fixed
                0x00000000        0x0 e:/program files (x86)/atmel/studio/7.0/toolchain/avr8/avr8-gnu-toolchain/bin/../lib/gcc/avr/4.9.2/avr4\libgcc.a(_mulhisi3.o)
 .text          0x00000000        0x0 e:/program files (x86)/atmel/studio/7.0/toolchain/avr8/avr8-gnu-toolchain/bin/../lib/gcc/avr/4.9.2/avr4\libgcc.a(_umulhisi3.o)
 .data          0x00000000        0x0 e:/program files (x86)/atmel/studio/7.0/toolchain/avr8/avr8-gnu-toolchain/bin/../lib/gcc/avr/4.9.2/avr4\libgcc.a(_umulhisi3.o)
 .bss           0x00000000        0x0 e:/program files (x86)/atmel/studio/7.0/toolchain/avr8/avr8-gnu-toolchain/bin/../lib/gcc/avr/4.9.2/avr4\libgcc.a(_umulhisi3.o)
 .text.libgcc.div
                0x00000000        0x0 e:/program files (x86)/atmel/studio/7.0/toolchain/avr8/avr8-gnu-toolchain/bin/../lib/gcc/avr/4.9.2/avr4\libgcc.a(_umulhisi3.o)
 .text.libgcc   0x00000000        0x0 e:/program files (x86)/atmel/studio/7.0/toolchain/avr8/avr8-gnu-toolchain/bin/../lib/gcc/avr/4.9.2/avr4\libgcc.a(_umulhisi3.o)
 .text.libgcc.prologue
                0x00000000        0x0 e:/program files (x86)/atmel/studio/7.0/toolchain/avr8/avr8-gnu-toolchain/bin/../lib/gcc/avr/4.9.2/avr4\libgcc.a(_umulhisi3.o)
 .text.libgcc.builtins
                0x00000000        0x0 e:/program files (x86)/atmel/studio/7.0/toolchain/avr8/avr8-gnu-toolchain/bin/../lib/gcc/avr/4.9.2/avr4\libgcc.a(_umulhisi3.o)
 .text.libgcc.fmul
                0x00000000        0x0 e:/program files (x86)/atmel/studio/7.0/toolchain/avr8/avr8-gnu-toolchain/bin/../lib/gcc/avr/4.9.2/avr4\libgcc.a(_umulhisi3.o)
 .text.libgcc.fixed
                0x00000000        0x0 e:/program files (x86)/atmel/studio/7.0/toolchain/avr8/avr8-gnu-toolchain/bin/../lib/gcc/avr/4.9.2/avr4\libgcc.a(_umulhisi3.o)
 .text          0x00000000        0x0 e:/program files (x86)/atmel/studio/7.0/toolchain/avr8/avr8-gnu-toolchain/bin/../lib/gcc/avr/4.9.2/avr4\libgcc.a(_usmulhisi3.o)
 .data          0x00000000        0x0 e:/program files (x86)/atmel/studio/7.0/toolchain/avr8/avr8-gnu-toolchain/bin/../lib/gcc/avr/4.9.2/avr4\libgcc.a(_usmulhisi3.o)
 .bss           0x00000000        0x0 e:/program files (x86)/atmel/studio/7.0/toolchain/avr8/avr8-gnu-toolchain/bin/../lib/gcc/avr/4.9.2/avr4\libgcc.a(_usmulhisi3.o)
 .text.libgcc.div
                0x00000000        0x0 e:/program files (x86)/atmel/studio/7.0/toolchain/avr8/avr8-gnu-toolchain/bin/../lib/gcc/avr/4.9.2/avr4\libgcc.a(_usmulhisi3.o)
 .text.libgcc   0x00000000        0x0 e:/program files (x86)/atmel/studio/7.0/toolchain/avr8/avr8-gnu-toolchain/bin/../lib/gcc/avr/4.9.2/avr4\libgcc.a(_usmulhisi3.o)
 .text.libgcc.prologue
                0x00000000        0x0 e:/program files (x86)/atmel/studio/7.0/toolchain/avr8/avr8-gnu-toolchain/bin/../lib/gcc/avr/4.9.2/avr4\libgcc.a(_usmulhisi3.o)
 .text.libgcc.builtins
                0x00000000        0x0 e:/program files (x86)/atmel/studio/7.0/toolchain/avr8/avr8-gnu-toolchain/bin/../lib/gcc/avr/4.9.2/avr4\libgcc.a(_usmulhisi3.o)
 .text.libgcc.fmul
                0x00000000        0x0 e:/program files (x86)/atmel/studio/7.0/toolchain/avr8/avr8-gnu-toolchain/bin/../lib/gcc/avr/4.9.2/avr4\libgcc.a(_usmulhisi3.o)
 .text.libgcc.fixed
                0x00000000        0x0 e:/program files (x86)/atmel/studio/7.0/toolchain/avr8/avr8-gnu-toolchain/bin/../lib/gcc/avr/4.9.2/avr4\libgcc.a(_usmulhisi3.o)
 .text          0x00000000        0x0 e:/program files (x86)/atmel/studio/7.0/toolchain/avr8/avr8-gnu-toolchain/bin/../lib/gcc/avr/4.9.2/avr4\libgcc.a(_muluhisi3.o)
 .data          0x00000000        0x0 e:/program files (x86)/atmel/studio/7.0/toolchain/avr8/avr8-gnu-toolchain/bin/../lib/gcc/avr/4.9.2/avr4\libgcc.a(_muluhisi3.o)
 .bss           0x00000000        0x0 e:/program files (x86)/atmel/studio/7.0/toolchain/avr8/avr8-gnu-toolchain/bin/../lib/gcc/avr/4.9.2/avr4\libgcc.a(_muluhisi3.o)
 .text.libgcc.div
                0x00000000        0x0 e:/program files (x86)/atmel/studio/7.0/toolchain/avr8/avr8-gnu-toolchain/bin/../lib/gcc/avr/4.9.2/avr4\libgcc.a(_muluhisi3.o)
 .text.libgcc   0x00000000        0x0 e:/program files (x86)/atmel/studio/7.0/toolchain/avr8/avr8-gnu-toolchain/bin/../lib/gcc/avr/4.9.2/avr4\libgcc.a(_muluhisi3.o)
 .text.libgcc.prologue
                0x00000000        0x0 e:/program files (x86)/atmel/studio/7.0/toolchain/avr8/avr8-gnu-toolchain/bin/../lib/gcc/avr/4.9.2/avr4\libgcc.a(_muluhisi3.o)
 .text.libgcc.builtins
                0x00000000        0x0 e:/program files (x86)/atmel/studio/7.0/toolchain/avr8/avr8-gnu-toolchain/bin/../lib/gcc/avr/4.9.2/avr4\libgcc.a(_muluhisi3.o)
 .text.libgcc.fmul
                0x00000000        0x0 e:/program files (x86)/atmel/studio/7.0/toolchain/avr8/avr8-gnu-toolchain/bin/../lib/gcc/avr/4.9.2/avr4\libgcc.a(_muluhisi3.o)
 .text.libgcc.fixed
                0x00000000        0x0 e:/program files (x86)/atmel/studio/7.0/toolchain/avr8/avr8-gnu-toolchain/bin/../lib/gcc/avr/4.9.2/avr4\libgcc.a(_muluhisi3.o)
 .text          0x00000000        0x0 e:/program files (x86)/atmel/studio/7.0/toolchain/avr8/avr8-gnu-toolchain/bin/../lib/gcc/avr/4.9.2/avr4\libgcc.a(_udivmodhi4.o)
 .data          0x00000000        0x0 e:/program files (x86)/atmel/studio/7.0/toolchain/avr8/avr8-gnu-toolchain/bin/../lib/gcc/avr/4.9.2/avr4\libgcc.a(_udivmodhi4.o)
 .bss           0x00000000        0x0 e:/program files (x86)/atmel/studio/7.0/toolchain/avr8/avr8-gnu-toolchain/bin/../lib/gcc/avr/4.9.2/avr4\libgcc.a(_udivmodhi4.o)
 .text.libgcc.mul
                0x00000000        0x0 e:/program files (x86)/atmel/studio/7.0/toolchain/avr8/avr8-gnu-toolchain/bin/../lib/gcc/avr/4.9.2/avr4\libgcc.a(_udivmodhi4.o)
 .text.libgcc   0x00000000        0x0 e:/program files (x86)/atmel/studio/7.0/toolchain/avr8/avr8-gnu-toolchain/bin/../lib/gcc/avr/4.9.2/avr4\libgcc.a(_udivmodhi4.o)
 .text.libgcc.prologue
                0x00000000        0x0 e:/program files (x86)/atmel/studio/7.0/toolchain/avr8/avr8-gnu-toolchain/bin/../lib/gcc/avr/4.9.2/avr4\libgcc.a(_udivmodhi4.o)
 .text.libgcc.builtins
                0x00000000        0x0 e:/program files (x86)/atmel/studio/7.0/toolchain/avr8/avr8-gnu-toolchain/bin/../lib/gcc/avr/4.9.2/avr4\libgcc.a(_udivmodhi4.o)
 .text.libgcc.fmul
                0x00000000        0x0 e:/program files (x86)/atmel/studio/7.0/toolchain/avr8/avr8-gnu-toolchain/bin/../lib/gcc/avr/4.9.2/avr4\libgcc.a(_udivmodhi4.o)
 .text.libgcc.fixed
                0x00000000        0x0 e:/program files (x86)/atmel/studio/7.0/toolchain/avr8/avr8-gnu-toolchain/bin/../lib/gcc/avr/4.9.2/avr4\libgcc.a(_udivmodhi4.o)
 .text          0x00000000        0x0 E:/Program Files (x86)/Atmel/Studio/7.0/Packs/atmel/ATmega_DFP/1.0.98/gcc/dev/atmega88p/avr4\libatmega88p.a(eerd_block.o)
 .data          0x00000000        0x0 E:/Program Files (x86)/Atmel/Studio/7.0/Packs/atmel/ATmega_DFP/1.0.98/gcc/dev/atmega88p/avr4\libatmega88p.a(eerd_block.o)
 .bss           0x00000000        0x0 E:/Program Files (x86)/Atmel/Studio/7.0/Packs/atmel/ATmega_DFP/1.0.98/gcc/dev/atmega88p/avr4\libatmega88p.a(eerd_block.o)
 .text          0x00000000        0x0 E:/Program Files (x86)/Atmel/Studio/7.0/Packs/atmel/ATmega_DFP/1.0.98/gcc/dev/atmega88p/avr4\libatmega88p.a(eeupd_block.o)
 .data          0x00000000        0x0 E:/Program Files (x86)/Atmel/Studio/7.0/Packs/atmel/ATmega_DFP/1.0.98/gcc/dev/atmega88p/avr4\libatmega88p.a(eeupd_block.o)
 .bss           0x00000000        0x0 E:/Program Files (x86)/Atmel/Studio/7.0/Packs/atmel/ATmega_DFP/1.0.98/gcc/dev/atmega88p/avr4\libatmega88p.a(eeupd_block.o)
 .text          0x00000000        0x0 E:/Program Files (x86)/Atmel/Studio/7.0/Packs/atmel/ATmega_DFP/1.0.98/gcc/dev/atmega88p/avr4\libatmega88p.a(eeupd_byte.o)
 .data          0x00000000        0x0 E:/Program Files (x86)/Atmel/Studio/7.0/Packs/atmel/ATmega_DFP/1.0.98/gcc/dev/atmega88p/avr4\libatmega88p.a(eeupd_byte.o)
 .bss           0x00000000        0x0 E:/Program Files (x86)/Atmel/Studio/7.0/Packs/atmel/ATmega_DFP/1.0.98/gcc/dev/atmega88p/avr4\libatmega88p.a(eeupd_byte.o)

Memory Configuration

Name             Origin             Length             Attributes
text             0x00000000         0x00002000         xr
data             0x00800060         0x0000ffa0         rw !x
eeprom           0x00810000         0x00010000         rw !x
fuse             0x00820000         0x00000400         rw !x
lock             0x00830000         0x00000400         rw !x
signature        0x00840000         0x00000400         rw !x
user_signatures  0x00850000         0x00000400         rw !x
*default*        0x00000000         0xffffffff

Linker script and memory map

Address of section .data set to 0x800100
LOAD E:/Program Files (x86)/Atmel/Studio/7.0/Packs/atmel/ATmega_DFP/1.0.98/gcc/dev/atmega88p/avr4/crtatmega88p.o
LOAD Analog.o
LOAD Buzzer.o
LOAD Config.o
LOAD curve.o
LOAD KEYS.o
LOAD LED.o
LOAD main.o
LOAD MODEL.o
LOAD SPECTRUM_TX.o
LOAD STICKS.o
LOAD TIMER.o
LOAD USER_IF.o
START GROUP
LOAD e:/program files (x86)/atmel/studio/7.0/toolchain/avr8/avr8-gnu-toolchain/bin/../lib/gcc/avr/4.9.2/../../../../avr/lib/avr4\libm.a
END GROUP
START GROUP
LOAD e:/program files (x86)/atmel/studio/7.0/toolchain/avr8/avr8-gnu-toolchain/bin/../lib/gcc/avr/4.9.2/avr4\libgcc.a
LOAD e:/program files (x86)/atmel/studio/7.0/toolchain/avr8/avr8-gnu-toolchain/bin/../lib/gcc/avr/4.9.2/../../../../avr/lib/avr4\libm.a
LOAD e:/program files (x86)/atmel/studio/7.0/toolchain/avr8/avr8-gnu-toolchain/bin/../lib/gcc/avr/4.9.2/../../../../avr/lib/avr4\libc.a
LOAD E:/Program Files (x86)/Atmel/Studio/7.0/Packs/atmel/ATmega_DFP/1.0.98/gcc/dev/atmega88p/avr4\libatmega88p.a
END GROUP

.hash
 *(.hash)

.dynsym
 *(.dynsym)

.dynstr
 *(.dynstr)

.gnu.version
 *(.gnu.version)

.gnu.version_d
 *(.gnu.version_d)

.gnu.version_r
 *(.gnu.version_r)

.rel.init
 *(.rel.init)

.rela.init
 *(.rela.init)

.rel.text
 *(.rel.text)
 *(.rel.text.*)
 *(.rel.gnu.linkonce.t*)

.rela.text
 *(.rela.text)
 *(.rela.text.*)
 *(.rela.gnu.linkonce.t*)

.rel.fini
 *(.rel.fini)

.rela.fini
 *(.rela.fini)

.rel.rodata
 *(.rel.rodata)
 *(.rel.rodata.*)
 *(.rel.gnu.linkonce.r*)

.rela.rodata
 *(.rela.rodata)
 *(.rela.rodata.*)
 *(.rela.gnu.linkonce.r*)

.rel.data
 *(.rel.data)
 *(.rel.data.*)
 *(.rel.gnu.linkonce.d*)

.rela.data
 *(.rela.data)
 *(.rela.data.*)
 *(.rela.gnu.linkonce.d*)

.rel.ctors
 *(.rel.ctors)

.rela.ctors
 *(.rela.ctors)

.rel.dtors
 *(.rel.dtors)

.rela.dtors
 *(.rela.dtors)

.rel.got
 *(.rel.got)

.rela.got
 *(.rela.got)

.rel.bss
 *(.rel.bss)

.rela.bss
 *(.rela.bss)

.rel.plt
 *(.rel.plt)

.rela.plt
 *(.rela.plt)

.text           0x00000000     0x1bba
 *(.vectors)
 .vectors       0x00000000       0x34 E:/Program Files (x86)/Atmel/Studio/7.0/Packs/atmel/ATmega_DFP/1.0.98/gcc/dev/atmega88p/avr4/crtatmega88p.o
                0x00000000                __vector_default
                0x00000000                __vectors
 *(.vectors)
 *(.progmem.gcc*)
                0x00000034                . = ALIGN (0x2)
                0x00000034                __trampolines_start = .
 *(.trampolines)
 .trampolines   0x00000034        0x0 linker stubs
 *(.trampolines*)
                0x00000034                __trampolines_end = .
 *(.progmem*)
                0x00000034                . = ALIGN (0x2)
 *(.jumptables)
 *(.jumptables*)
 *(.lowtext)
 *(.lowtext*)
                0x00000034                __ctors_start = .
 *(.ctors)
                0x00000034                __ctors_end = .
                0x00000034                __dtors_start = .
 *(.dtors)
                0x00000034                __dtors_end = .
 SORT(*)(.ctors)
 SORT(*)(.dtors)
 *(.init0)
 .init0         0x00000034        0x0 E:/Program Files (x86)/Atmel/Studio/7.0/Packs/atmel/ATmega_DFP/1.0.98/gcc/dev/atmega88p/avr4/crtatmega88p.o
                0x00000034                __init
 *(.init0)
 *(.init1)
 *(.init1)
 *(.init2)
 .init2         0x00000034        0xc E:/Program Files (x86)/Atmel/Studio/7.0/Packs/atmel/ATmega_DFP/1.0.98/gcc/dev/atmega88p/avr4/crtatmega88p.o
 *(.init2)
 *(.init3)
 *(.init3)
 *(.init4)
 .init4         0x00000040       0x16 e:/program files (x86)/atmel/studio/7.0/toolchain/avr8/avr8-gnu-toolchain/bin/../lib/gcc/avr/4.9.2/avr4\libgcc.a(_copy_data.o)
                0x00000040                __do_copy_data
 .init4         0x00000056       0x10 e:/program files (x86)/atmel/studio/7.0/toolchain/avr8/avr8-gnu-toolchain/bin/../lib/gcc/avr/4.9.2/avr4\libgcc.a(_clear_bss.o)
                0x00000056                __do_clear_bss
 *(.init4)
 *(.init5)
 *(.init5)
 *(.init6)
 *(.init6)
 *(.init7)
 *(.init7)
 *(.init8)
 *(.init8)
 *(.init9)
 .init9         0x00000066        0x4 E:/Program Files (x86)/Atmel/Studio/7.0/Packs/atmel/ATmega_DFP/1.0.98/gcc/dev/atmega88p/avr4/crtatmega88p.o
 *(.init9)
 *(.text)
 .text          0x0000006a        0x2 E:/Program Files (x86)/Atmel/Studio/7.0/Packs/atmel/ATmega_DFP/1.0.98/gcc/dev/atmega88p/avr4/crtatmega88p.o
                0x0000006a                __vector_22
                0x0000006a                __vector_1
                0x0000006a                __vector_24
                0x0000006a                __bad_interrupt
                0x0000006a                __vector_6
                0x0000006a                __vector_3
                0x0000006a                __vector_23
                0x0000006a                __vector_25
                0x0000006a                __vector_13
                0x0000006a                __vector_17
                0x0000006a                __vector_7
                0x0000006a                __vector_5
                0x0000006a                __vector_4
                0x0000006a                __vector_9
                0x0000006a                __vector_2
                0x0000006a                __vector_15
                0x0000006a                __vector_8
                0x0000006a                __vector_14
                0x0000006a                __vector_10
                0x0000006a                __vector_16
                0x0000006a                __vector_18
                0x0000006a                __vector_20
                0x0000006c                . = ALIGN (0x2)
 *(.text.*)
 .text.AdcInit  0x0000006c       0x5c Analog.o
                0x0000006c                AdcInit
 .text.adc_checkSend
                0x000000c8       0x18 Analog.o
                0x000000c8                adc_checkSend
 .text.AdcGetChanel
                0x000000e0       0x14 Analog.o
                0x000000e0                AdcGetChanel
 .text.AdcCalc_avg
                0x000000f4       0x8a Analog.o
                0x000000f4                AdcCalc_avg
 .text.__vector_21
                0x0000017e       0xdc Analog.o
                0x0000017e                __vector_21
 .text.buz_SequenceCount
                0x0000025a       0x18 Buzzer.o
                0x0000025a                buz_SequenceCount
 .text.Buzz     0x00000272       0x14 Buzzer.o
                0x00000272                Buzz
 .text.BuzzOff  0x00000286        0x8 Buzzer.o
                0x00000286                BuzzOff
 .text.InitBuzzer
                0x0000028e       0x14 Buzzer.o
                0x0000028e                InitBuzzer
 .text.buz_PlayNote
                0x000002a2       0x2a Buzzer.o
                0x000002a2                buz_PlayNote
 .text.buz_PlayMelody
                0x000002cc       0x2e Buzzer.o
                0x000002cc                buz_PlayMelody
 .text.BuzzerCyclic
                0x000002fa       0x58 Buzzer.o
                0x000002fa                BuzzerCyclic
 .text.ConfigReadTxConfig
                0x00000352        0xe Config.o
                0x00000352                ConfigReadTxConfig
 .text.ConfigSaveTxConfig
                0x00000360        0xe Config.o
                0x00000360                ConfigSaveTxConfig
 .text.ConfigSaveModelConfig
                0x0000036e       0x1a Config.o
                0x0000036e                ConfigSaveModelConfig
 .text.ConfigSaveTrim
                0x00000388       0x1a Config.o
                0x00000388                ConfigSaveTrim
 .text.configSet_Tx_options
                0x000003a2       0x38 Config.o
                0x000003a2                configSet_Tx_options
 .text.ConfigSetStic_Mode
                0x000003da        0x6 Config.o
                0x000003da                ConfigSetStic_Mode
 .text.ConfigSetRF_Mode
                0x000003e0        0x6 Config.o
                0x000003e0                ConfigSetRF_Mode
 .text.ConfigResetModelConfig
                0x000003e6       0x1e Config.o
                0x000003e6                ConfigResetModelConfig
 .text.configSet_ModelNr
                0x00000404       0x42 Config.o
                0x00000404                configSet_ModelNr
 .text.ConfigResetTxConfig
                0x00000446       0x5a Config.o
                0x00000446                ConfigResetTxConfig
 .text.ConfigInit
                0x000004a0       0x26 Config.o
                0x000004a0                ConfigInit
 .text.expou    0x000004c6       0x88 curve.o
                0x000004c6                expou
 .text.expo     0x0000054e       0x30 curve.o
                0x0000054e                expo
 .text.Scale    0x0000057e       0xa8 curve.o
                0x0000057e                Scale
 .text.ScaleHalf
                0x00000626       0x16 curve.o
                0x00000626                ScaleHalf
 .text.Rate     0x0000063c       0x1c curve.o
                0x0000063c                Rate
 .text.curveXpoint
                0x00000658       0x38 curve.o
                0x00000658                curveXpoint
 .text.mix      0x00000690       0xb6 curve.o
                0x00000690                mix
 .text.key_cyclic
                0x00000746       0x5c KEYS.o
                0x00000746                key_cyclic
 .text.key_init
                0x000007a2       0x22 KEYS.o
                0x000007a2                key_init
 .text.Get_keys
                0x000007c4       0x42 KEYS.o
                0x000007c4                Get_keys
 .text.AddLedSequence
                0x00000806       0x22 LED.o
                0x00000806                AddLedSequence
 .text.SetLedStateFlashing
                0x00000828       0x18 LED.o
                0x00000828                SetLedStateFlashing
 .text.SetLedStateSolid
                0x00000840       0x1a LED.o
                0x00000840                SetLedStateSolid
 .text.SetLedStateCyclicSequence
                0x0000085a       0x2e LED.o
                0x0000085a                SetLedStateCyclicSequence
 .text.InitLed  0x00000888       0x22 LED.o
                0x00000888                InitLed
 .text.LedCyclic
                0x000008aa       0x78 LED.o
                0x000008aa                LedCyclic
 .text.InitSystem
                0x00000922       0x38 main.o
                0x00000922                InitSystem
 .text.startup.main
                0x0000095a      0x198 main.o
                0x0000095a                main
 .text.Model_Init
                0x00000af2        0xe MODEL.o
                0x00000af2                Model_Init
 .text.Model_CheckKeys
                0x00000b00      0x122 MODEL.o
                0x00000b00                Model_CheckKeys
 .text.ModelCalculateOutChannelsData
                0x00000c22      0x258 MODEL.o
                0x00000c22                ModelCalculateOutChannelsData
 .text.ModelGetCannel
                0x00000e7a       0x2a MODEL.o
                0x00000e7a                ModelGetCannel
 .text.tx_SetChanelData
                0x00000ea4       0x2c SPECTRUM_TX.o
                0x00000ea4                tx_SetChanelData
 .text.tx_SetMode
                0x00000ed0        0x6 SPECTRUM_TX.o
                0x00000ed0                tx_SetMode
 .text.tx_SetModelNr
                0x00000ed6        0x6 SPECTRUM_TX.o
                0x00000ed6                tx_SetModelNr
 .text.tx_SetBindMode
                0x00000edc       0x14 SPECTRUM_TX.o
                0x00000edc                tx_SetBindMode
 .text.tx_SetRangeCheck
                0x00000ef0       0x14 SPECTRUM_TX.o
                0x00000ef0                tx_SetRangeCheck
 .text.tx_ConvertChannelData
                0x00000f04       0x36 SPECTRUM_TX.o
                0x00000f04                tx_ConvertChannelData
 .text.tx_Init  0x00000f3a       0x52 SPECTRUM_TX.o
                0x00000f3a                tx_Init
 .text.__vector_19
                0x00000f8c       0x54 SPECTRUM_TX.o
                0x00000f8c                __vector_19
 .text.SendTX_Buf
                0x00000fe0       0x3e SPECTRUM_TX.o
                0x00000fe0                SendTX_Buf
 .text.tx_Send  0x0000101e        0xa SPECTRUM_TX.o
                0x0000101e                tx_Send
 .text.getRawStickValue
                0x00001028       0x4e STICKS.o
                0x00001028                getRawStickValue
 .text.getStickValue
                0x00001076       0x6a STICKS.o
                0x00001076                getStickValue
 .text.StickTrimUp
                0x000010e0       0x54 STICKS.o
                0x000010e0                StickTrimUp
 .text.StickTrimDown
                0x00001134       0x54 STICKS.o
                0x00001134                StickTrimDown
 .text.initTimer
                0x00001188       0x42 TIMER.o
                0x00001188                initTimer
 .text.__vector_12
                0x000011ca       0x68 TIMER.o
                0x000011ca                __vector_12
 .text.__vector_11
                0x00001232       0xc6 TIMER.o
                0x00001232                __vector_11
 .text.UI_init  0x000012f8        0xa USER_IF.o
                0x000012f8                UI_init
 .text.UI_CheckR_Stick_ModelSelect
                0x00001302       0x32 USER_IF.o
                0x00001302                UI_CheckR_Stick_ModelSelect
 .text.UI_CheckOptionConfig
                0x00001334      0x132 USER_IF.o
                0x00001334                UI_CheckOptionConfig
 .text.UI_Read_N_Point
                0x00001466      0x188 USER_IF.o
                0x00001466                UI_Read_N_Point
 .text.UI_CheckGesture
                0x000015ee       0xca USER_IF.o
                0x000015ee                UI_CheckGesture
 .text.ReadSticks
                0x000016b8       0x22 USER_IF.o
                0x000016b8                ReadSticks
 .text.UI_ProceedConfigMode2
                0x000016da      0x13e USER_IF.o
                0x000016da                UI_ProceedConfigMode2
 .text.UI_ProceedConfigMode
                0x00001818      0x1e6 USER_IF.o
                0x00001818                UI_ProceedConfigMode
 .text.UI_CheckForConfig
                0x000019fe       0x42 USER_IF.o
                0x000019fe                UI_CheckForConfig
 .text.UI_checkforStartupGesture
                0x00001a40        0x6 USER_IF.o
                0x00001a40                UI_checkforStartupGesture
 .text.libgcc.div
                0x00001a46       0x26 e:/program files (x86)/atmel/studio/7.0/toolchain/avr8/avr8-gnu-toolchain/bin/../lib/gcc/avr/4.9.2/avr4\libgcc.a(_divmodhi4.o)
                0x00001a46                _div
                0x00001a46                __divmodhi4
 .text.libgcc.div
                0x00001a6c       0x44 e:/program files (x86)/atmel/studio/7.0/toolchain/avr8/avr8-gnu-toolchain/bin/../lib/gcc/avr/4.9.2/avr4\libgcc.a(_udivmodsi4.o)
                0x00001a6c                __udivmodsi4
 .text.libgcc.div
                0x00001ab0       0x28 e:/program files (x86)/atmel/studio/7.0/toolchain/avr8/avr8-gnu-toolchain/bin/../lib/gcc/avr/4.9.2/avr4\libgcc.a(_divmodsi4.o)
                0x00001ab0                __divmodsi4
 .text.libgcc.div
                0x00001ad8       0x10 e:/program files (x86)/atmel/studio/7.0/toolchain/avr8/avr8-gnu-toolchain/bin/../lib/gcc/avr/4.9.2/avr4\libgcc.a(_negsi2.o)
                0x00001ad8                __negsi2
 .text.libgcc.mul
                0x00001ae8        0xc e:/program files (x86)/atmel/studio/7.0/toolchain/avr8/avr8-gnu-toolchain/bin/../lib/gcc/avr/4.9.2/avr4\libgcc.a(_mulhisi3.o)
                0x00001ae8                __mulhisi3
 .text.libgcc.mul
                0x00001af4       0x18 e:/program files (x86)/atmel/studio/7.0/toolchain/avr8/avr8-gnu-toolchain/bin/../lib/gcc/avr/4.9.2/avr4\libgcc.a(_umulhisi3.o)
                0x00001af4                __umulhisi3
 .text.libgcc.mul
                0x00001b0c        0xc e:/program files (x86)/atmel/studio/7.0/toolchain/avr8/avr8-gnu-toolchain/bin/../lib/gcc/avr/4.9.2/avr4\libgcc.a(_usmulhisi3.o)
                0x00001b0c                __usmulhisi3
                0x00001b0e                __usmulhisi3_tail
 .text.libgcc.mul
                0x00001b18       0x14 e:/program files (x86)/atmel/studio/7.0/toolchain/avr8/avr8-gnu-toolchain/bin/../lib/gcc/avr/4.9.2/avr4\libgcc.a(_muluhisi3.o)
                0x00001b18                __muluhisi3
 .text.libgcc.div
                0x00001b2c       0x28 e:/program files (x86)/atmel/studio/7.0/toolchain/avr8/avr8-gnu-toolchain/bin/../lib/gcc/avr/4.9.2/avr4\libgcc.a(_udivmodhi4.o)
                0x00001b2c                __udivmodhi4
 .text.avr-libc
                0x00001b54       0x20 E:/Program Files (x86)/Atmel/Studio/7.0/Packs/atmel/ATmega_DFP/1.0.98/gcc/dev/atmega88p/avr4\libatmega88p.a(eerd_block.o)
                0x00001b54                eeprom_read_block
                0x00001b58                eeprom_read_blraw
 .text.avr-libc
                0x00001b74       0x1e E:/Program Files (x86)/Atmel/Studio/7.0/Packs/atmel/ATmega_DFP/1.0.98/gcc/dev/atmega88p/avr4\libatmega88p.a(eeupd_block.o)
                0x00001b74                eeprom_update_block
 .text.avr-libc
                0x00001b92       0x24 E:/Program Files (x86)/Atmel/Studio/7.0/Packs/atmel/ATmega_DFP/1.0.98/gcc/dev/atmega88p/avr4\libatmega88p.a(eeupd_byte.o)
                0x00001b92                eeprom_update_byte
                0x00001b94                eeprom_update_r18
                0x00001bb6                . = ALIGN (0x2)
 *(.fini9)
 .fini9         0x00001bb6        0x0 e:/program files (x86)/atmel/studio/7.0/toolchain/avr8/avr8-gnu-toolchain/bin/../lib/gcc/avr/4.9.2/avr4\libgcc.a(_exit.o)
                0x00001bb6                _exit
                0x00001bb6                exit
 *(.fini9)
 *(.fini8)
 *(.fini8)
 *(.fini7)
 *(.fini7)
 *(.fini6)
 *(.fini6)
 *(.fini5)
 *(.fini5)
 *(.fini4)
 *(.fini4)
 *(.fini3)
 *(.fini3)
 *(.fini2)
 *(.fini2)
 *(.fini1)
 *(.fini1)
 *(.fini0)
 .fini0         0x00001bb6        0x4 e:/program files (x86)/atmel/studio/7.0/toolchain/avr8/avr8-gnu-toolchain/bin/../lib/gcc/avr/4.9.2/avr4\libgcc.a(_exit.o)
 *(.fini0)
                0x00001bba                _etext = .

.data           0x00800100      0x1de load address 0x00001bba
                0x00800100                PROVIDE (__data_start, .)
 *(.data)
 *(.data*)
 .data.adc_debug_val
                0x00800100        0x2 Analog.o
                0x00800100                adc_debug_val
 .data.center   0x00800102        0x8 STICKS.o
                0x00800102                center
 .data.confirm  0x0080010a        0x8 STICKS.o
                0x0080010a                confirm
 .data.conf     0x00800112        0x8 USER_IF.o
                0x00800112                conf
 *(.rodata)
 *(.rodata*)
 .rodata.ch_map
                0x0080011a        0x4 Analog.o
                0x0080011a                ch_map
 .rodata.model_config_default
                0x0080011e       0xe4 Config.o
                0x0080011e                model_config_default
 .rodata.led_data_range
                0x00800202        0x8 main.o
                0x00800202                led_data_range
 .rodata.led_data_bind
                0x0080020a        0x4 main.o
                0x0080020a                led_data_bind
 .rodata.FlightTimerMelody
                0x0080020e       0x10 main.o
                0x0080020e                FlightTimerMelody
 .rodata.LowBattery
                0x0080021e        0x8 main.o
                0x0080021e                LowBattery
 .rodata.BindBeep
                0x00800226       0x28 main.o
                0x00800226                BindBeep
 .rodata.welcomeMelody
                0x0080024e       0x1c main.o
                0x0080024e                welcomeMelody
 .rodata.led_data_cut
                0x0080026a        0x4 MODEL.o
                0x0080026a                led_data_cut
 .rodata.led_data_Stunt
                0x0080026e        0x4 MODEL.o
                0x0080026e                led_data_Stunt
 .rodata.mode_ch_map
                0x00800272       0x10 STICKS.o
                0x00800272                mode_ch_map
 .rodata.led_data_ConfigNr
                0x00800282       0x18 USER_IF.o
                0x00800282                led_data_ConfigNr
 .rodata.led_data_confiMode
                0x0080029a        0x4 USER_IF.o
                0x0080029a                led_data_confiMode
 .rodata.led_data_unsaved
                0x0080029e        0x4 USER_IF.o
                0x0080029e                led_data_unsaved
 .rodata.ErrorMelody
                0x008002a2        0xc USER_IF.o
                0x008002a2                ErrorMelody
 .rodata.ThreePointEntryMelody
                0x008002ae        0xc USER_IF.o
                0x008002ae                ThreePointEntryMelody
 .rodata.EntryMelody
                0x008002ba        0xc USER_IF.o
                0x008002ba                EntryMelody
 .rodata.SaveMelody
                0x008002c6        0xc USER_IF.o
                0x008002c6                SaveMelody
 .rodata.confirmationMelody
                0x008002d2        0xc USER_IF.o
                0x008002d2                confirmationMelody
 *(.gnu.linkonce.d*)
                0x008002de                . = ALIGN (0x2)
                0x008002de                _edata = .
                0x008002de                PROVIDE (__data_end, .)

.bss            0x008002de      0x171
                0x008002de                PROVIDE (__bss_start, .)
 *(.bss)
 *(.bss*)
 .bss.debug_key_in
                0x008002de        0x4 KEYS.o
                0x008002de                debug_key_in
 .bss.tx_active
                0x008002e2        0x1 SPECTRUM_TX.o
                0x008002e2                tx_active
 .bss.OUT_CHAN_data
                0x008002e3        0xc SPECTRUM_TX.o
 .bss.tx_idx    0x008002ef        0x1 SPECTRUM_TX.o
 .bss.tx_buf    0x008002f0        0xe SPECTRUM_TX.o
 .bss.debug_r_Stick
                0x008002fe        0x1 USER_IF.o
                0x008002fe                debug_r_Stick
 .bss.debug_l_Stick
                0x008002ff        0x1 USER_IF.o
                0x008002ff                debug_l_Stick
 .bss.model_config_changed
                0x00800300        0x1 USER_IF.o
                0x00800300                model_config_changed
 .bss.tx_config_changed
                0x00800301        0x1 USER_IF.o
                0x00800301                tx_config_changed
 *(COMMON)
 COMMON         0x00800302       0x55 Analog.o
                0x00800302                adc_avg
                0x0080030c                adc_ch_idx
                0x0080030d                adc_new_data
                0x0080030e                adc_samp_idx
                0x0080030f                adc_data
 COMMON         0x00800357       0x44 Buzzer.o
                0x00800357                buz_note_time
                0x00800359                buz_note_ptr
                0x0080035a                buz_notes
                0x0080039a                buz_note_idx
 COMMON         0x0080039b       0x6b Config.o
                0x0080039b                tx_config
                0x008003ba                model_config
 COMMON         0x00800406        0xd KEYS.o
                0x00800406                key_Status
                0x00800408                key_StatusLast
                0x0080040a                key_ScanCnt
                0x0080040b                key_data
 COMMON         0x00800413       0x25 LED.o
                0x00800413                Led_data
                0x00800433                led_time
                0x00800435                led_idx
                0x00800436                led_ptr
                0x00800437                led_reload
 COMMON         0x00800438        0xf MODEL.o
                0x00800438                thr_cut
                0x00800439                bind_status
                0x0080043a                flight_mode
                0x0080043b                out_data
 COMMON         0x00800447        0x6 TIMER.o
                0x00800447                tic_error
                0x00800449                sys_tick
 COMMON         0x0080044d        0x2 USER_IF.o
                0x0080044d                r_stick_pos
                0x0080044e                l_stick_pos
                0x0080044f                PROVIDE (__bss_end, .)
                0x00001bba                __data_load_start = LOADADDR (.data)
                0x00001d98                __data_load_end = (__data_load_start + SIZEOF (.data))

.noinit         0x0080044f        0x0
                0x0080044f                PROVIDE (__noinit_start, .)
 *(.noinit*)
                0x0080044f                PROVIDE (__noinit_end, .)
                0x0080044f                _end = .
                0x0080044f                PROVIDE (__heap_start, .)

.eeprom         0x00810000        0x0
 *(.eeprom*)
                0x00810000                __eeprom_end = .

.fuse
 *(.fuse)
 *(.lfuse)
 *(.hfuse)
 *(.efuse)

.lock
 *(.lock*)

.signature
 *(.signature*)

.user_signatures
 *(.user_signatures*)

.stab
 *(.stab)

.stabstr
 *(.stabstr)

.stab.excl
 *(.stab.excl)

.stab.exclstr
 *(.stab.exclstr)

.stab.index
 *(.stab.index)

.stab.indexstr
 *(.stab.indexstr)

.comment        0x00000000       0x30
 *(.comment)
 .comment       0x00000000       0x30 Analog.o
                                 0x31 (size before relaxing)
 .comment       0x00000030       0x31 Buzzer.o
 .comment       0x00000030       0x31 Config.o
 .comment       0x00000030       0x31 curve.o
 .comment       0x00000030       0x31 KEYS.o
 .comment       0x00000030       0x31 LED.o
 .comment       0x00000030       0x31 main.o
 .comment       0x00000030       0x31 MODEL.o
 .comment       0x00000030       0x31 SPECTRUM_TX.o
 .comment       0x00000030       0x31 STICKS.o
 .comment       0x00000030       0x31 TIMER.o
 .comment       0x00000030       0x31 USER_IF.o

.note.gnu.avr.deviceinfo
                0x00000000       0x3c
 .note.gnu.avr.deviceinfo
                0x00000000       0x3c E:/Program Files (x86)/Atmel/Studio/7.0/Packs/atmel/ATmega_DFP/1.0.98/gcc/dev/atmega88p/avr4/crtatmega88p.o

.note.gnu.build-id
 *(.note.gnu.build-id)

.debug
 *(.debug)

.line
 *(.line)

.debug_srcinfo
 *(.debug_srcinfo)

.debug_sfnames
 *(.debug_sfnames)

.debug_aranges  0x00000000      0x398
 *(.debug_aranges)
 .debug_aranges
                0x00000000       0x40 Analog.o
 .debug_aranges
                0x00000040       0x50 Buzzer.o
 .debug_aranges
                0x00000090       0x78 Config.o
 .debug_aranges
                0x00000108       0x50 curve.o
 .debug_aranges
                0x00000158       0x40 KEYS.o
 .debug_aranges
                0x00000198       0x60 LED.o
 .debug_aranges
                0x000001f8       0x28 main.o
 .debug_aranges
                0x00000220       0x38 MODEL.o
 .debug_aranges
                0x00000258       0x68 SPECTRUM_TX.o
 .debug_aranges
                0x000002c0       0x40 STICKS.o
 .debug_aranges
                0x00000300       0x30 TIMER.o
 .debug_aranges
                0x00000330       0x68 USER_IF.o

.debug_pubnames
 *(.debug_pubnames)

.debug_info     0x00000000     0x414d
 *(.debug_info .gnu.linkonce.wi.*)
 .debug_info    0x00000000      0x26e Analog.o
 .debug_info    0x0000026e      0x296 Buzzer.o
 .debug_info    0x00000504      0x61a Config.o
 .debug_info    0x00000b1e      0x3cd curve.o
 .debug_info    0x00000eeb      0x1fb KEYS.o
 .debug_info    0x000010e6      0x39d LED.o
 .debug_info    0x00001483      0x91a main.o
 .debug_info    0x00001d9d      0x744 MODEL.o
 .debug_info    0x000024e1      0x4de SPECTRUM_TX.o
 .debug_info    0x000029bf      0x62f STICKS.o
 .debug_info    0x00002fee      0x186 TIMER.o
 .debug_info    0x00003174      0xfd9 USER_IF.o

.debug_abbrev   0x00000000     0x1549
 *(.debug_abbrev)
 .debug_abbrev  0x00000000      0x11c Analog.o
 .debug_abbrev  0x0000011c      0x18a Buzzer.o
 .debug_abbrev  0x000002a6      0x21d Config.o
 .debug_abbrev  0x000004c3      0x132 curve.o
 .debug_abbrev  0x000005f5      0x102 KEYS.o
 .debug_abbrev  0x000006f7      0x1c1 LED.o
 .debug_abbrev  0x000008b8      0x1c1 main.o
 .debug_abbrev  0x00000a79      0x22d MODEL.o
 .debug_abbrev  0x00000ca6      0x1f3 SPECTRUM_TX.o
 .debug_abbrev  0x00000e99      0x215 STICKS.o
 .debug_abbrev  0x000010ae       0xc3 TIMER.o
 .debug_abbrev  0x00001171      0x3d8 USER_IF.o

.debug_line     0x00000000     0x126c
 *(.debug_line .debug_line.* .debug_line_end)
 .debug_line    0x00000000      0x144 Analog.o
 .debug_line    0x00000144      0x131 Buzzer.o
 .debug_line    0x00000275      0x277 Config.o
 .debug_line    0x000004ec      0x132 curve.o
 .debug_line    0x0000061e       0xfa KEYS.o
 .debug_line    0x00000718      0x182 LED.o
 .debug_line    0x0000089a      0x197 main.o
 .debug_line    0x00000a31      0x176 MODEL.o
 .debug_line    0x00000ba7      0x18b SPECTRUM_TX.o
 .debug_line    0x00000d32      0x13e STICKS.o
 .debug_line    0x00000e70      0x110 TIMER.o
 .debug_line    0x00000f80      0x2ec USER_IF.o

.debug_frame    0x00000000      0x998
 *(.debug_frame)
 .debug_frame   0x00000000       0xb8 Analog.o
 .debug_frame   0x000000b8       0x98 Buzzer.o
 .debug_frame   0x00000150       0xd4 Config.o
 .debug_frame   0x00000224      0x158 curve.o
 .debug_frame   0x0000037c       0x90 KEYS.o
 .debug_frame   0x0000040c       0xd8 LED.o
 .debug_frame   0x000004e4       0x34 main.o
 .debug_frame   0x00000518       0xa0 MODEL.o
 .debug_frame   0x000005b8       0xd0 SPECTRUM_TX.o
 .debug_frame   0x00000688       0x8c STICKS.o
 .debug_frame   0x00000714       0xd4 TIMER.o
 .debug_frame   0x000007e8      0x1b0 USER_IF.o

.debug_str      0x00000000      0xbde
 *(.debug_str)
 .debug_str     0x00000000      0x1ef Analog.o
                                0x232 (size before relaxing)
 .debug_str     0x000001ef       0xc0 Buzzer.o
                                0x245 (size before relaxing)
 .debug_str     0x000002af      0x20e Config.o
                                0x3a6 (size before relaxing)
 .debug_str     0x000004bd       0x79 curve.o
                                0x21c (size before relaxing)
 .debug_str     0x00000536       0x97 KEYS.o
                                0x22a (size before relaxing)
 .debug_str     0x000005cd       0xec LED.o
                                0x27f (size before relaxing)
 .debug_str     0x000006b9      0x176 main.o
                                0x467 (size before relaxing)
 .debug_str     0x0000082f       0x90 MODEL.o
                                0x365 (size before relaxing)
 .debug_str     0x000008bf       0x76 SPECTRUM_TX.o
                                0x325 (size before relaxing)
 .debug_str     0x00000935       0x62 STICKS.o
                                0x330 (size before relaxing)
 .debug_str     0x00000997       0x38 TIMER.o
                                0x21d (size before relaxing)
 .debug_str     0x000009cf      0x20f USER_IF.o
                                0x641 (size before relaxing)

.debug_loc      0x00000000     0x24d0
 *(.debug_loc)
 .debug_loc     0x00000000      0x244 Analog.o
 .debug_loc     0x00000244      0x108 Buzzer.o
 .debug_loc     0x0000034c       0xf5 Config.o
 .debug_loc     0x00000441      0xb4b curve.o
 .debug_loc     0x00000f8c      0x122 KEYS.o
 .debug_loc     0x000010ae      0x22f LED.o
 .debug_loc     0x000012dd      0x19e main.o
 .debug_loc     0x0000147b      0x1c6 MODEL.o
 .debug_loc     0x00001641      0x18c SPECTRUM_TX.o
 .debug_loc     0x000017cd      0x2cb STICKS.o
 .debug_loc     0x00001a98      0x196 TIMER.o
 .debug_loc     0x00001c2e      0x8a2 USER_IF.o

.debug_macinfo
 *(.debug_macinfo)

.debug_weaknames
 *(.debug_weaknames)

.debug_funcnames
 *(.debug_funcnames)

.debug_typenames
 *(.debug_typenames)

.debug_varnames
 *(.debug_varnames)

.debug_pubtypes
 *(.debug_pubtypes)

.debug_ranges   0x00000000      0x350
 *(.debug_ranges)
 .debug_ranges  0x00000000       0x60 Analog.o
 .debug_ranges  0x00000060       0x40 Buzzer.o
 .debug_ranges  0x000000a0       0x68 Config.o
 .debug_ranges  0x00000108       0x40 curve.o
 .debug_ranges  0x00000148       0x30 KEYS.o
 .debug_ranges  0x00000178       0x50 LED.o
 .debug_ranges  0x000001c8       0x30 main.o
 .debug_ranges  0x000001f8       0x28 MODEL.o
 .debug_ranges  0x00000220       0x58 SPECTRUM_TX.o
 .debug_ranges  0x00000278       0x30 STICKS.o
 .debug_ranges  0x000002a8       0x20 TIMER.o
 .debug_ranges  0x000002c8       0x88 USER_IF.o

.debug_macro
 *(.debug_macro)
OUTPUT(LP4dsm.elf elf32-avr)
LOAD linker stubs
